// Jest Snapshot v1, https://goo.gl/fbAQLP

exports[`getTipsData component snapshot test 1`] = `
<getTipsData
  props={
    Object {
      "name": "Poolinos",
    }
  }
/>
`;
